Player POS: (8.0, -23857.158203125, 8.0)
Surface height at player: 10
Loaded chunks: 9
Total blocks: 17551
Exposed block entities expected: 5287
